// Jest Snapshot v1, https://goo.gl/fbAQLP

exports[`ServiceList component renders without crashing 1`] = `
<ServiceList
  match={
    Object {
      "params": Object {
        "serviceType": "mechanic",
      },
    }
  }
>
  <div
    className="serviceList"
  >
    <div
      className="loader"
    />
  </div>
</ServiceList>
`;
