// Jest Snapshot v1, https://goo.gl/fbAQLP

exports[`ServicePage component renders without crashing 1`] = `
<ServicePage
  match={
    Object {
      "params": Object {},
    }
  }
>
  <div>
    <div
      className="loader"
    />
    <div
      className="servicePage"
    >
      <ServiceItem
        service={Array []}
      >
        <div
          className="service"
        >
          <h2 />
          <p
            className="bold"
          >
            Phone: 
          </p>
          <p
            className="bold"
          >
            Email: 
            <span
              className="notBold"
            />
          </p>
          <p />
        </div>
      </ServiceItem>
      <Component />
      <serviceReviews
        deleteReview={[Function]}
        reviews={Array []}
      >
        <p
          className="noReviews"
        >
          No one has posted a review
        </p>
      </serviceReviews>
      <div
        className="line"
      />
      <ReviewForm
        addReview={[Function]}
        service={Array []}
      >
        <div
          className="review"
        >
          <h3>
            Post a Review
          </h3>
          <form
            className="ReviewForm"
            onSubmit={[Function]}
          >
            <label>
              Rating
            </label>
            <select
              className="rating"
              id="rating"
            >
              <option
                value="1"
              >
                1
              </option>
              <option
                value="2"
              >
                2
              </option>
              <option
                value="3"
              >
                3
              </option>
              <option
                value="4"
              >
                4
              </option>
              <option
                value="5"
              >
                5
              </option>
            </select>
            <label>
              Review
            </label>
            <textarea
              aria-label="Leave a review..."
              className="reviewText"
              cols="30"
              id="text"
              placeholder="Leave a review.."
              required={true}
              rows="4"
            />
            <button
              className="reviewPost"
              type="submit"
            >
              Post
            </button>
          </form>
        </div>
      </ReviewForm>
    </div>
  </div>
</ServicePage>
`;
