// Jest Snapshot v1, https://goo.gl/fbAQLP

exports[`Services component renders without crashing 1`] = `
<div
  className="services"
>
  <div
    className="serviceContainer1"
  >
    <Link
      to="/services/mechanic"
    >
      <FontAwesomeIcon
        border={false}
        className="logo car"
        fixedWidth={false}
        flip={null}
        icon="car"
        inverse={false}
        listItem={false}
        mask={null}
        pull={null}
        pulse={false}
        rotation={null}
        size={null}
        spin={false}
        swapOpacity={false}
        symbol={false}
        title=""
        transform={null}
      />
      <p>
        Mechanic
      </p>
    </Link>
    <Link
      to="/services/plumbing"
    >
      <FontAwesomeIcon
        border={false}
        className="logo toilet"
        fixedWidth={false}
        flip={null}
        icon="toilet"
        inverse={false}
        listItem={false}
        mask={null}
        pull={null}
        pulse={false}
        rotation={null}
        size={null}
        spin={false}
        swapOpacity={false}
        symbol={false}
        title=""
        transform={null}
      />
      <p>
        Plumbing
      </p>
    </Link>
    <Link
      to="/services/remodling"
    >
      <FontAwesomeIcon
        border={false}
        className="logo home"
        fixedWidth={false}
        flip={null}
        icon="home"
        inverse={false}
        listItem={false}
        mask={null}
        pull={null}
        pulse={false}
        rotation={null}
        size={null}
        spin={false}
        swapOpacity={false}
        symbol={false}
        title=""
        transform={null}
      />
      <p>
        Home Remodel
      </p>
    </Link>
    <Link
      to="/services/lawnscaping"
    >
      <FontAwesomeIcon
        border={false}
        className="logo mountain"
        fixedWidth={false}
        flip={null}
        icon="mountain"
        inverse={false}
        listItem={false}
        mask={null}
        pull={null}
        pulse={false}
        rotation={null}
        size={null}
        spin={false}
        swapOpacity={false}
        symbol={false}
        title=""
        transform={null}
      />
      <p>
        Lawnscaping
      </p>
    </Link>
  </div>
  <div
    className="serviceContainer2"
  >
    <Link
      to="/services/travel"
    >
      <FontAwesomeIcon
        border={false}
        className="logo plane"
        fixedWidth={false}
        flip={null}
        icon="plane"
        inverse={false}
        listItem={false}
        mask={null}
        pull={null}
        pulse={false}
        rotation={null}
        size={null}
        spin={false}
        swapOpacity={false}
        symbol={false}
        title=""
        transform={null}
      />
      <p>
        Travel
      </p>
    </Link>
    <Link
      to="/services/hair"
    >
      <FontAwesomeIcon
        border={false}
        className="logo cut"
        fixedWidth={false}
        flip={null}
        icon="cut"
        inverse={false}
        listItem={false}
        mask={null}
        pull={null}
        pulse={false}
        rotation={null}
        size={null}
        spin={false}
        swapOpacity={false}
        symbol={false}
        title=""
        transform={null}
      />
      <p>
        Hair Stylist
      </p>
    </Link>
    <Link
      to="/services/jobs"
    >
      <FontAwesomeIcon
        border={false}
        className="logo coins"
        fixedWidth={false}
        flip={null}
        icon="coins"
        inverse={false}
        listItem={false}
        mask={null}
        pull={null}
        pulse={false}
        rotation={null}
        size={null}
        spin={false}
        swapOpacity={false}
        symbol={false}
        title=""
        transform={null}
      />
      <p>
        Employment
      </p>
    </Link>
    <Link
      to="/services/phone"
    >
      <FontAwesomeIcon
        border={false}
        className="logo"
        fixedWidth={false}
        flip={null}
        icon="mobile"
        inverse={false}
        listItem={false}
        mask={null}
        pull={null}
        pulse={false}
        rotation={null}
        size={null}
        spin={false}
        swapOpacity={false}
        symbol={false}
        title=""
        transform={null}
      />
      <p>
        Phone Repair
      </p>
    </Link>
  </div>
</div>
`;
