// Jest Snapshot v1, https://goo.gl/fbAQLP

exports[`FilterList component renders without crashing 1`] = `
<div
  className="filter"
>
  <p
    className="bold"
  >
    Filter by:
  </p>
  <form
    className="filterForm"
    onSubmit={[Function]}
  >
    <div>
      <label>
        City
      </label>
      <input
        id="filterList_city"
        name="city"
        required={true}
      />
    </div>
    <div>
      <label>
        State
      </label>
      <States />
    </div>
    <div
      id="butContainer"
    >
      <button
        type="submit"
      >
        Filter
      </button>
      <button
        onClick={[Function]}
      >
        Clear
      </button>
    </div>
  </form>
</div>
`;
